[    2487ms] [INFO] %cDownload the React DevTools for a better development experience: https://react.dev/link/react-devtools font-weight:bold @ http://localhost:3000/_next/static/chunks/node_modules_next_dist_compiled_react-dom_1e674e59._.js:14537
[    2664ms] [LOG] [] @ http://localhost:3000/_next/static/chunks/_1c945a07._.js:1044
[    2664ms] [LOG] [] @ http://localhost:3000/_next/static/chunks/_1c945a07._.js:1044
[    2737ms] [WARNING] Image with src "http://localhost:3000/assets/images/logo.svg" has either width or height modified, but not the other. If you use CSS to change the size of your image, also include the styles 'width: "auto"' or 'height: "auto"' to maintain the aspect ratio. @ http://localhost:3000/_next/static/chunks/node_modules_next_dist_b0daae9a._.js:1014
[    2768ms] [LOG] [] @ http://localhost:3000/_next/static/chunks/_1c945a07._.js:1044
[    2768ms] [LOG] [] @ http://localhost:3000/_next/static/chunks/_1c945a07._.js:1044
[    2900ms] [WARNING] Image with src "http://localhost:3000/assets/images/highlight.svg" has either width or height modified, but not the other. If you use CSS to change the size of your image, also include the styles 'width: "auto"' or 'height: "auto"' to maintain the aspect ratio. @ http://localhost:3000/_next/static/chunks/node_modules_next_dist_b0daae9a._.js:1014
[    3146ms] [WARNING] Image with src "http://localhost:3000/assets/images/icons/support.svg" has either width or height modified, but not the other. If you use CSS to change the size of your image, also include the styles 'width: "auto"' or 'height: "auto"' to maintain the aspect ratio. @ http://localhost:3000/_next/static/chunks/node_modules_next_dist_b0daae9a._.js:1014
[    3170ms] [WARNING] Image with src "http://localhost:3000/assets/images/icons/chat.svg" has either width or height modified, but not the other. If you use CSS to change the size of your image, also include the styles 'width: "auto"' or 'height: "auto"' to maintain the aspect ratio. @ http://localhost:3000/_next/static/chunks/node_modules_next_dist_b0daae9a._.js:1014
[    3338ms] [WARNING] Image with src "https://hwxgibxahqdxkzuvfxvz.supabase.co/storage/v1/object/public/products/wp/2025-06-tibr.webp" has "fill" but is missing "sizes" prop. Please add it to improve page performance. Read more: https://nextjs.org/docs/api-reference/next/image#sizes @ http://localhost:3000/_next/static/chunks/node_modules_next_dist_b0daae9a._.js:1014
[    3434ms] [WARNING] Image with src "https://hwxgibxahqdxkzuvfxvz.supabase.co/storage/v1/object/public/products/wp/2025-06-504840923-17885893776293486-6729960264270549171-n.webp" has "fill" but is missing "sizes" prop. Please add it to improve page performance. Read more: https://nextjs.org/docs/api-reference/next/image#sizes @ http://localhost:3000/_next/static/chunks/node_modules_next_dist_b0daae9a._.js:1014
[    3437ms] [WARNING] Image with src "https://hwxgibxahqdxkzuvfxvz.supabase.co/storage/v1/object/public/products/wp/2025-06-469364373-122124367922423950-3611151085880555674-n.webp" has "fill" but is missing "sizes" prop. Please add it to improve page performance. Read more: https://nextjs.org/docs/api-reference/next/image#sizes @ http://localhost:3000/_next/static/chunks/node_modules_next_dist_b0daae9a._.js:1014
[    3438ms] [WARNING] Image with src "https://hwxgibxahqdxkzuvfxvz.supabase.co/storage/v1/object/public/products/wp/2025-06-501815767-17883990846293486-8222991533414705789-n-e1751546063669.webp" has "fill" but is missing "sizes" prop. Please add it to improve page performance. Read more: https://nextjs.org/docs/api-reference/next/image#sizes @ http://localhost:3000/_next/static/chunks/node_modules_next_dist_b0daae9a._.js:1014
[    3438ms] [WARNING] Image with src "https://hwxgibxahqdxkzuvfxvz.supabase.co/storage/v1/object/public/products/wp/2025-06-3.webp" has "fill" but is missing "sizes" prop. Please add it to improve page performance. Read more: https://nextjs.org/docs/api-reference/next/image#sizes @ http://localhost:3000/_next/static/chunks/node_modules_next_dist_b0daae9a._.js:1014
[    3438ms] [WARNING] Image with src "https://hwxgibxahqdxkzuvfxvz.supabase.co/storage/v1/object/public/products/wp/2026-04-1000006044.webp" has "fill" but is missing "sizes" prop. Please add it to improve page performance. Read more: https://nextjs.org/docs/api-reference/next/image#sizes @ http://localhost:3000/_next/static/chunks/node_modules_next_dist_b0daae9a._.js:1014
[    3447ms] [WARNING] Image with src "https://hwxgibxahqdxkzuvfxvz.supabase.co/storage/v1/object/public/products/wp/2026-05-1000006378.webp" has "fill" but is missing "sizes" prop. Please add it to improve page performance. Read more: https://nextjs.org/docs/api-reference/next/image#sizes @ http://localhost:3000/_next/static/chunks/node_modules_next_dist_b0daae9a._.js:1014
[    3473ms] [WARNING] Image with src "https://hwxgibxahqdxkzuvfxvz.supabase.co/storage/v1/object/public/products/wp/2026-05-1000006089.webp" has "fill" but is missing "sizes" prop. Please add it to improve page performance. Read more: https://nextjs.org/docs/api-reference/next/image#sizes @ http://localhost:3000/_next/static/chunks/node_modules_next_dist_b0daae9a._.js:1014
[    3503ms] [WARNING] Image with src "https://hwxgibxahqdxkzuvfxvz.supabase.co/storage/v1/object/public/products/wp/2025-07-2025-06-29-19-16-img-3037-scaled.webp" has "fill" but is missing "sizes" prop. Please add it to improve page performance. Read more: https://nextjs.org/docs/api-reference/next/image#sizes @ http://localhost:3000/_next/static/chunks/node_modules_next_dist_b0daae9a._.js:1014
[    3528ms] [WARNING] Image with src "https://hwxgibxahqdxkzuvfxvz.supabase.co/storage/v1/object/public/products/wp/2026-03-blo-1.webp" has "fill" but is missing "sizes" prop. Please add it to improve page performance. Read more: https://nextjs.org/docs/api-reference/next/image#sizes @ http://localhost:3000/_next/static/chunks/node_modules_next_dist_b0daae9a._.js:1014
[    3567ms] [WARNING] Image with src "https://hwxgibxahqdxkzuvfxvz.supabase.co/storage/v1/object/public/products/wp/2025-07-496155738-17881348557293486-5535563114328793642-n.webp" has "fill" but is missing "sizes" prop. Please add it to improve page performance. Read more: https://nextjs.org/docs/api-reference/next/image#sizes @ http://localhost:3000/_next/static/chunks/node_modules_next_dist_b0daae9a._.js:1014
[    3582ms] [WARNING] Image with src "https://hwxgibxahqdxkzuvfxvz.supabase.co/storage/v1/object/public/products/wp/2026-03-enf.webp" has "fill" but is missing "sizes" prop. Please add it to improve page performance. Read more: https://nextjs.org/docs/api-reference/next/image#sizes @ http://localhost:3000/_next/static/chunks/node_modules_next_dist_b0daae9a._.js:1014
[    3855ms] [WARNING] Image with src "https://hwxgibxahqdxkzuvfxvz.supabase.co/storage/v1/object/public/products/wp/2026-03-enf.webp" has "fill" and parent element with invalid "position". Provided "static" should be one of absolute,fixed,relative. @ http://localhost:3000/_next/static/chunks/node_modules_next_dist_b0daae9a._.js:1014
[    3865ms] [WARNING] Image with src "https://hwxgibxahqdxkzuvfxvz.supabase.co/storage/v1/object/public/products/wp/2026-09-image-20260916-182007-257-scaled.webp" has "fill" and parent element with invalid "position". Provided "static" should be one of absolute,fixed,relative. @ http://localhost:3000/_next/static/chunks/node_modules_next_dist_b0daae9a._.js:1014
[    3866ms] [WARNING] Image with src "https://hwxgibxahqdxkzuvfxvz.supabase.co/storage/v1/object/public/products/wp/2025-12-image-20260908-112558-915-scaled.webp" has "fill" and parent element with invalid "position". Provided "static" should be one of absolute,fixed,relative. @ http://localhost:3000/_next/static/chunks/node_modules_next_dist_b0daae9a._.js:1014
[    3870ms] [WARNING] Image with src "https://hwxgibxahqdxkzuvfxvz.supabase.co/storage/v1/object/public/products/wp/2026-07-1000008944.webp" has "fill" and parent element with invalid "position". Provided "static" should be one of absolute,fixed,relative. @ http://localhost:3000/_next/static/chunks/node_modules_next_dist_b0daae9a._.js:1014
[    3873ms] [WARNING] Image with src "https://hwxgibxahqdxkzuvfxvz.supabase.co/storage/v1/object/public/products/wp/2026-07-1000008958.webp" has "fill" and parent element with invalid "position". Provided "static" should be one of absolute,fixed,relative. @ http://localhost:3000/_next/static/chunks/node_modules_next_dist_b0daae9a._.js:1014
[    3876ms] [WARNING] Image with src "https://hwxgibxahqdxkzuvfxvz.supabase.co/storage/v1/object/public/products/wp/2026-06-1000007365.webp" has "fill" and parent element with invalid "position". Provided "static" should be one of absolute,fixed,relative. @ http://localhost:3000/_next/static/chunks/node_modules_next_dist_b0daae9a._.js:1014
[    3878ms] [WARNING] Image with src "https://hwxgibxahqdxkzuvfxvz.supabase.co/storage/v1/object/public/products/wp/2026-06-1000006960.webp" has "fill" and parent element with invalid "position". Provided "static" should be one of absolute,fixed,relative. @ http://localhost:3000/_next/static/chunks/node_modules_next_dist_b0daae9a._.js:1014
[    3881ms] [WARNING] Image with src "https://hwxgibxahqdxkzuvfxvz.supabase.co/storage/v1/object/public/products/wp/2026-06-image-20260610-144156-703-scaled.webp" has "fill" and parent element with invalid "position". Provided "static" should be one of absolute,fixed,relative. @ http://localhost:3000/_next/static/chunks/node_modules_next_dist_b0daae9a._.js:1014
[    3886ms] [WARNING] Image with src "https://hwxgibxahqdxkzuvfxvz.supabase.co/storage/v1/object/public/products/wp/2026-06-image-20260610-144426-367-scaled.webp" has "fill" and parent element with invalid "position". Provided "static" should be one of absolute,fixed,relative. @ http://localhost:3000/_next/static/chunks/node_modules_next_dist_b0daae9a._.js:1014
[    3887ms] [WARNING] Image with src "https://hwxgibxahqdxkzuvfxvz.supabase.co/storage/v1/object/public/products/wp/2026-06-1000006815.webp" has "fill" and parent element with invalid "position". Provided "static" should be one of absolute,fixed,relative. @ http://localhost:3000/_next/static/chunks/node_modules_next_dist_b0daae9a._.js:1014
[    3890ms] [WARNING] Image with src "https://hwxgibxahqdxkzuvfxvz.supabase.co/storage/v1/object/public/products/wp/2026-06-image-20260610-143822-615-scaled.webp" has "fill" and parent element with invalid "position". Provided "static" should be one of absolute,fixed,relative. @ http://localhost:3000/_next/static/chunks/node_modules_next_dist_b0daae9a._.js:1014
[    3928ms] [WARNING] Image with src "https://hwxgibxahqdxkzuvfxvz.supabase.co/storage/v1/object/public/products/wp/2026-06-1000007365.webp" has "fill" but is missing "sizes" prop. Please add it to improve page performance. Read more: https://nextjs.org/docs/api-reference/next/image#sizes @ http://localhost:3000/_next/static/chunks/node_modules_next_dist_b0daae9a._.js:1014
[    3954ms] [WARNING] Image with src "https://hwxgibxahqdxkzuvfxvz.supabase.co/storage/v1/object/public/products/wp/2026-04-1000005878.webp" has "fill" but is missing "sizes" prop. Please add it to improve page performance. Read more: https://nextjs.org/docs/api-reference/next/image#sizes @ http://localhost:3000/_next/static/chunks/node_modules_next_dist_b0daae9a._.js:1014
[    3954ms] [WARNING] Image with src "https://hwxgibxahqdxkzuvfxvz.supabase.co/storage/v1/object/public/products/wp/2026-04-1000005878.webp" has "fill" and parent element with invalid "position". Provided "static" should be one of absolute,fixed,relative. @ http://localhost:3000/_next/static/chunks/node_modules_next_dist_b0daae9a._.js:1014
[    3977ms] [WARNING] Image with src "https://hwxgibxahqdxkzuvfxvz.supabase.co/storage/v1/object/public/products/wp/2026-04-demi-salat-scaled.webp" has "fill" but is missing "sizes" prop. Please add it to improve page performance. Read more: https://nextjs.org/docs/api-reference/next/image#sizes @ http://localhost:3000/_next/static/chunks/node_modules_next_dist_b0daae9a._.js:1014
[    3977ms] [WARNING] Image with src "https://hwxgibxahqdxkzuvfxvz.supabase.co/storage/v1/object/public/products/wp/2026-04-demi-salat-scaled.webp" has "fill" and parent element with invalid "position". Provided "static" should be one of absolute,fixed,relative. @ http://localhost:3000/_next/static/chunks/node_modules_next_dist_b0daae9a._.js:1014
[    4002ms] [WARNING] Image with src "https://hwxgibxahqdxkzuvfxvz.supabase.co/storage/v1/object/public/products/wp/2026-06-1000006896.webp" has "fill" but is missing "sizes" prop. Please add it to improve page performance. Read more: https://nextjs.org/docs/api-reference/next/image#sizes @ http://localhost:3000/_next/static/chunks/node_modules_next_dist_b0daae9a._.js:1014
[    4003ms] [WARNING] Image with src "https://hwxgibxahqdxkzuvfxvz.supabase.co/storage/v1/object/public/products/wp/2026-06-1000006896.webp" has "fill" and parent element with invalid "position". Provided "static" should be one of absolute,fixed,relative. @ http://localhost:3000/_next/static/chunks/node_modules_next_dist_b0daae9a._.js:1014
[    7124ms] [WARNING] Image with src "https://hwxgibxahqdxkzuvfxvz.supabase.co/storage/v1/object/public/products/wp/2026-09-image-20260916-182007-257-scaled.webp" was detected as the Largest Contentful Paint (LCP). Please add the "priority" property if this image is above the fold.
Read more: https://nextjs.org/docs/api-reference/next/image#priority @ http://localhost:3000/_next/static/chunks/node_modules_next_dist_b0daae9a._.js:1014
[   14918ms] [LOG] [Fast Refresh] rebuilding @ http://localhost:3000/_next/static/chunks/node_modules_next_dist_client_cf1d9188._.js:5956
[   15001ms] [LOG] [Fast Refresh] done in 181ms @ http://localhost:3000/_next/static/chunks/node_modules_next_dist_client_cf1d9188._.js:5816
[   49865ms] [LOG] [Fast Refresh] rebuilding @ http://localhost:3000/_next/static/chunks/node_modules_next_dist_client_cf1d9188._.js:5956
[   49941ms] [LOG] [Fast Refresh] done in 177ms @ http://localhost:3000/_next/static/chunks/node_modules_next_dist_client_cf1d9188._.js:5816
[   63398ms] [LOG] [Fast Refresh] rebuilding @ http://localhost:3000/_next/static/chunks/node_modules_next_dist_client_cf1d9188._.js:5956
[   63434ms] [LOG] [Fast Refresh] done in 136ms @ http://localhost:3000/_next/static/chunks/node_modules_next_dist_client_cf1d9188._.js:5816
[  130529ms] [LOG] [Fast Refresh] rebuilding @ http://localhost:3000/_next/static/chunks/node_modules_next_dist_client_cf1d9188._.js:5956
[  130599ms] [LOG] [Fast Refresh] done in 169ms @ http://localhost:3000/_next/static/chunks/node_modules_next_dist_client_cf1d9188._.js:5816
[  168344ms] [LOG] [Fast Refresh] rebuilding @ http://localhost:3000/_next/static/chunks/node_modules_next_dist_client_cf1d9188._.js:5956
[  168446ms] [LOG] [Fast Refresh] done in 201ms @ http://localhost:3000/_next/static/chunks/node_modules_next_dist_client_cf1d9188._.js:5816
[  171956ms] [LOG] [Fast Refresh] rebuilding @ http://localhost:3000/_next/static/chunks/node_modules_next_dist_client_cf1d9188._.js:5956
[  172333ms] [LOG] [Fast Refresh] done in 478ms @ http://localhost:3000/_next/static/chunks/node_modules_next_dist_client_cf1d9188._.js:5816
[  195619ms] [LOG] [Fast Refresh] rebuilding @ http://localhost:3000/_next/static/chunks/node_modules_next_dist_client_cf1d9188._.js:5956
[  195622ms] [LOG] [Fast Refresh] done in 104ms @ http://localhost:3000/_next/static/chunks/node_modules_next_dist_client_cf1d9188._.js:5816
[  204862ms] [LOG] [Fast Refresh] rebuilding @ http://localhost:3000/_next/static/chunks/node_modules_next_dist_client_cf1d9188._.js:5956
[  204896ms] [LOG] [Fast Refresh] done in 134ms @ http://localhost:3000/_next/static/chunks/node_modules_next_dist_client_cf1d9188._.js:5816
[  205751ms] [LOG] [Fast Refresh] rebuilding @ http://localhost:3000/_next/static/chunks/node_modules_next_dist_client_cf1d9188._.js:5956
[  205836ms] [LOG] [Fast Refresh] done in 185ms @ http://localhost:3000/_next/static/chunks/node_modules_next_dist_client_cf1d9188._.js:5816
[  234817ms] [LOG] [Fast Refresh] rebuilding @ http://localhost:3000/_next/static/chunks/node_modules_next_dist_client_cf1d9188._.js:5956
[  234849ms] [LOG] [Fast Refresh] done in 132ms @ http://localhost:3000/_next/static/chunks/node_modules_next_dist_client_cf1d9188._.js:5816
[  244314ms] [LOG] [Fast Refresh] rebuilding @ http://localhost:3000/_next/static/chunks/node_modules_next_dist_client_cf1d9188._.js:5956
[  244488ms] [LOG] [Fast Refresh] done in 266ms @ http://localhost:3000/_next/static/chunks/node_modules_next_dist_client_cf1d9188._.js:5816
[  246193ms] [LOG] [Fast Refresh] rebuilding @ http://localhost:3000/_next/static/chunks/node_modules_next_dist_client_cf1d9188._.js:5956
[  246240ms] [LOG] [Fast Refresh] done in 148ms @ http://localhost:3000/_next/static/chunks/node_modules_next_dist_client_cf1d9188._.js:5816
[  260526ms] [LOG] [Fast Refresh] rebuilding @ http://localhost:3000/_next/static/chunks/node_modules_next_dist_client_cf1d9188._.js:5956
[  260865ms] [LOG] [Fast Refresh] done in 440ms @ http://localhost:3000/_next/static/chunks/node_modules_next_dist_client_cf1d9188._.js:5816
[  261237ms] [LOG] [Fast Refresh] rebuilding @ http://localhost:3000/_next/static/chunks/node_modules_next_dist_client_cf1d9188._.js:5956
[  261242ms] [LOG] [Fast Refresh] done in 104ms @ http://localhost:3000/_next/static/chunks/node_modules_next_dist_client_cf1d9188._.js:5816
[  264105ms] [LOG] [Fast Refresh] rebuilding @ http://localhost:3000/_next/static/chunks/node_modules_next_dist_client_cf1d9188._.js:5956
[  264160ms] [LOG] [Fast Refresh] done in 155ms @ http://localhost:3000/_next/static/chunks/node_modules_next_dist_client_cf1d9188._.js:5816
[  265648ms] [LOG] [Fast Refresh] rebuilding @ http://localhost:3000/_next/static/chunks/node_modules_next_dist_client_cf1d9188._.js:5956
[  266046ms] [LOG] [Fast Refresh] done in 497ms @ http://localhost:3000/_next/static/chunks/node_modules_next_dist_client_cf1d9188._.js:5816
[  266594ms] [LOG] [Fast Refresh] rebuilding @ http://localhost:3000/_next/static/chunks/node_modules_next_dist_client_cf1d9188._.js:5956
[  266632ms] [LOG] [Fast Refresh] done in 139ms @ http://localhost:3000/_next/static/chunks/node_modules_next_dist_client_cf1d9188._.js:5816
[  268756ms] [LOG] [Fast Refresh] rebuilding @ http://localhost:3000/_next/static/chunks/node_modules_next_dist_client_cf1d9188._.js:5956
[  268790ms] [LOG] [Fast Refresh] done in 133ms @ http://localhost:3000/_next/static/chunks/node_modules_next_dist_client_cf1d9188._.js:5816
[  277375ms] [LOG] [Fast Refresh] rebuilding @ http://localhost:3000/_next/static/chunks/node_modules_next_dist_client_cf1d9188._.js:5956
[  277494ms] [LOG] [Fast Refresh] done in 217ms @ http://localhost:3000/_next/static/chunks/node_modules_next_dist_client_cf1d9188._.js:5816
