[     112ms] [LOG] [Fast Refresh] rebuilding @ http://localhost:3000/_next/static/chunks/node_modules_next_dist_client_cf1d9188._.js:5956
[     142ms] [LOG] [Fast Refresh] done in 131ms @ http://localhost:3000/_next/static/chunks/node_modules_next_dist_client_cf1d9188._.js:5816
[     243ms] [LOG] [Fast Refresh] rebuilding @ http://localhost:3000/_next/static/chunks/node_modules_next_dist_client_cf1d9188._.js:5956
[     328ms] [LOG] [Fast Refresh] done in 185ms @ http://localhost:3000/_next/static/chunks/node_modules_next_dist_client_cf1d9188._.js:5816
[     472ms] [INFO] %cDownload the React DevTools for a better development experience: https://react.dev/link/react-devtools font-weight:bold @ http://localhost:3000/_next/static/chunks/node_modules_next_dist_compiled_react-dom_1e674e59._.js:14537
[     558ms] [LOG] [] @ http://localhost:3000/_next/static/chunks/_fa3c57b5._.js:1044
[     558ms] [LOG] [] @ http://localhost:3000/_next/static/chunks/_fa3c57b5._.js:1044
[     599ms] [WARNING] Image with src "http://localhost:3000/assets/images/logo.svg" has either width or height modified, but not the other. If you use CSS to change the size of your image, also include the styles 'width: "auto"' or 'height: "auto"' to maintain the aspect ratio. @ http://localhost:3000/_next/static/chunks/node_modules_next_dist_b0daae9a._.js:1014
[     655ms] [WARNING] Image with src "http://localhost:3000/assets/images/highlight.svg" has either width or height modified, but not the other. If you use CSS to change the size of your image, also include the styles 'width: "auto"' or 'height: "auto"' to maintain the aspect ratio. @ http://localhost:3000/_next/static/chunks/node_modules_next_dist_b0daae9a._.js:1014
[     699ms] [LOG] [] @ http://localhost:3000/_next/static/chunks/_fa3c57b5._.js:1044
[     700ms] [LOG] [] @ http://localhost:3000/_next/static/chunks/_fa3c57b5._.js:1044
[     970ms] [WARNING] Image with src "https://hwxgibxahqdxkzuvfxvz.supabase.co/storage/v1/object/public/products/wp/2026-04-1000005878.webp" has "fill" and parent element with invalid "position". Provided "static" should be one of absolute,fixed,relative. @ http://localhost:3000/_next/static/chunks/node_modules_next_dist_b0daae9a._.js:1014
[     974ms] [WARNING] Image with src "https://hwxgibxahqdxkzuvfxvz.supabase.co/storage/v1/object/public/products/wp/2026-06-1000006896.webp" has "fill" and parent element with invalid "position". Provided "static" should be one of absolute,fixed,relative. @ http://localhost:3000/_next/static/chunks/node_modules_next_dist_b0daae9a._.js:1014
[     978ms] [WARNING] Image with src "https://hwxgibxahqdxkzuvfxvz.supabase.co/storage/v1/object/public/products/wp/2026-04-demi-salat-scaled.webp" has "fill" and parent element with invalid "position". Provided "static" should be one of absolute,fixed,relative. @ http://localhost:3000/_next/static/chunks/node_modules_next_dist_b0daae9a._.js:1014
[    1323ms] [WARNING] Image with src "https://hwxgibxahqdxkzuvfxvz.supabase.co/storage/v1/object/public/products/wp/2026-06-1000007365.webp" has "fill" and parent element with invalid "position". Provided "static" should be one of absolute,fixed,relative. @ http://localhost:3000/_next/static/chunks/node_modules_next_dist_b0daae9a._.js:1014
[    1391ms] [WARNING] Image with src "https://hwxgibxahqdxkzuvfxvz.supabase.co/storage/v1/object/public/products/wp/2026-09-image-20260916-182007-257-scaled.webp" has "fill" and parent element with invalid "position". Provided "static" should be one of absolute,fixed,relative. @ http://localhost:3000/_next/static/chunks/node_modules_next_dist_b0daae9a._.js:1014
[    1392ms] [WARNING] Image with src "https://hwxgibxahqdxkzuvfxvz.supabase.co/storage/v1/object/public/products/wp/2025-12-image-20260908-112558-915-scaled.webp" has "fill" and parent element with invalid "position". Provided "static" should be one of absolute,fixed,relative. @ http://localhost:3000/_next/static/chunks/node_modules_next_dist_b0daae9a._.js:1014
[    1392ms] [WARNING] Image with src "https://hwxgibxahqdxkzuvfxvz.supabase.co/storage/v1/object/public/products/wp/2026-07-1000008958.webp" has "fill" and parent element with invalid "position". Provided "static" should be one of absolute,fixed,relative. @ http://localhost:3000/_next/static/chunks/node_modules_next_dist_b0daae9a._.js:1014
[    1392ms] [WARNING] Image with src "https://hwxgibxahqdxkzuvfxvz.supabase.co/storage/v1/object/public/products/wp/2026-07-1000008944.webp" has "fill" and parent element with invalid "position". Provided "static" should be one of absolute,fixed,relative. @ http://localhost:3000/_next/static/chunks/node_modules_next_dist_b0daae9a._.js:1014
[    1392ms] [WARNING] Image with src "https://hwxgibxahqdxkzuvfxvz.supabase.co/storage/v1/object/public/products/wp/2026-06-1000006960.webp" has "fill" and parent element with invalid "position". Provided "static" should be one of absolute,fixed,relative. @ http://localhost:3000/_next/static/chunks/node_modules_next_dist_b0daae9a._.js:1014
[    1392ms] [WARNING] Image with src "https://hwxgibxahqdxkzuvfxvz.supabase.co/storage/v1/object/public/products/wp/2026-06-image-20260610-144426-367-scaled.webp" has "fill" and parent element with invalid "position". Provided "static" should be one of absolute,fixed,relative. @ http://localhost:3000/_next/static/chunks/node_modules_next_dist_b0daae9a._.js:1014
[    1392ms] [WARNING] Image with src "https://hwxgibxahqdxkzuvfxvz.supabase.co/storage/v1/object/public/products/wp/2026-06-image-20260610-144156-703-scaled.webp" has "fill" and parent element with invalid "position". Provided "static" should be one of absolute,fixed,relative. @ http://localhost:3000/_next/static/chunks/node_modules_next_dist_b0daae9a._.js:1014
[    1392ms] [WARNING] Image with src "https://hwxgibxahqdxkzuvfxvz.supabase.co/storage/v1/object/public/products/wp/2026-06-image-20260610-143822-615-scaled.webp" has "fill" and parent element with invalid "position". Provided "static" should be one of absolute,fixed,relative. @ http://localhost:3000/_next/static/chunks/node_modules_next_dist_b0daae9a._.js:1014
[    1396ms] [WARNING] Image with src "https://hwxgibxahqdxkzuvfxvz.supabase.co/storage/v1/object/public/products/wp/2026-06-1000006815.webp" has "fill" and parent element with invalid "position". Provided "static" should be one of absolute,fixed,relative. @ http://localhost:3000/_next/static/chunks/node_modules_next_dist_b0daae9a._.js:1014
[    1661ms] [WARNING] Image with src "https://hwxgibxahqdxkzuvfxvz.supabase.co/storage/v1/object/public/products/wp/2026-03-enf.webp" has "fill" and parent element with invalid "position". Provided "static" should be one of absolute,fixed,relative. @ http://localhost:3000/_next/static/chunks/node_modules_next_dist_b0daae9a._.js:1014
[   18468ms] [LOG] [Fast Refresh] rebuilding @ http://localhost:3000/_next/static/chunks/node_modules_next_dist_client_cf1d9188._.js:5956
[   18486ms] [LOG] [Fast Refresh] done in 119ms @ http://localhost:3000/_next/static/chunks/node_modules_next_dist_client_cf1d9188._.js:5816
[   23042ms] [LOG] [Fast Refresh] rebuilding @ http://localhost:3000/_next/static/chunks/node_modules_next_dist_client_cf1d9188._.js:5956
[   23108ms] [LOG] [Fast Refresh] done in 166ms @ http://localhost:3000/_next/static/chunks/node_modules_next_dist_client_cf1d9188._.js:5816
[   24876ms] [LOG] [Fast Refresh] rebuilding @ http://localhost:3000/_next/static/chunks/node_modules_next_dist_client_cf1d9188._.js:5956
[   25261ms] [LOG] [Fast Refresh] done in 485ms @ http://localhost:3000/_next/static/chunks/node_modules_next_dist_client_cf1d9188._.js:5816
[   25361ms] [LOG] [Fast Refresh] rebuilding @ http://localhost:3000/_next/static/chunks/node_modules_next_dist_client_cf1d9188._.js:5956
[   25459ms] [LOG] [Fast Refresh] done in 197ms @ http://localhost:3000/_next/static/chunks/node_modules_next_dist_client_cf1d9188._.js:5816
[   65955ms] [LOG] [Fast Refresh] rebuilding @ http://localhost:3000/_next/static/chunks/node_modules_next_dist_client_cf1d9188._.js:5956
[   65957ms] [LOG] [Fast Refresh] done in 102ms @ http://localhost:3000/_next/static/chunks/node_modules_next_dist_client_cf1d9188._.js:5816
[  267862ms] [LOG] [Fast Refresh] rebuilding @ http://localhost:3000/_next/static/chunks/node_modules_next_dist_client_cf1d9188._.js:5956
[  267906ms] [LOG] [Fast Refresh] done in 143ms @ http://localhost:3000/_next/static/chunks/node_modules_next_dist_client_cf1d9188._.js:5816
[  505017ms] [LOG] [Fast Refresh] rebuilding @ http://localhost:3000/_next/static/chunks/node_modules_next_dist_client_cf1d9188._.js:5956
[  505043ms] [LOG] [Fast Refresh] done in 125ms @ http://localhost:3000/_next/static/chunks/node_modules_next_dist_client_cf1d9188._.js:5816
[  505465ms] [LOG] [Fast Refresh] rebuilding @ http://localhost:3000/_next/static/chunks/node_modules_next_dist_client_cf1d9188._.js:5956
[  505507ms] [LOG] [Fast Refresh] done in 143ms @ http://localhost:3000/_next/static/chunks/node_modules_next_dist_client_cf1d9188._.js:5816
[  521819ms] [LOG] [Fast Refresh] rebuilding @ http://localhost:3000/_next/static/chunks/node_modules_next_dist_client_cf1d9188._.js:5956
[  521843ms] [LOG] [Fast Refresh] done in 125ms @ http://localhost:3000/_next/static/chunks/node_modules_next_dist_client_cf1d9188._.js:5816
[  525248ms] [LOG] [Fast Refresh] rebuilding @ http://localhost:3000/_next/static/chunks/node_modules_next_dist_client_cf1d9188._.js:5956
[  525264ms] [LOG] [Fast Refresh] done in 116ms @ http://localhost:3000/_next/static/chunks/node_modules_next_dist_client_cf1d9188._.js:5816
[  538319ms] [WARNING] Image with src "https://hwxgibxahqdxkzuvfxvz.supabase.co/storage/v1/object/public/products/wp/2026-09-image-20260916-182007-257-scaled.webp" was detected as the Largest Contentful Paint (LCP). Please add the "priority" property if this image is above the fold.
Read more: https://nextjs.org/docs/api-reference/next/image#priority @ http://localhost:3000/_next/static/chunks/node_modules_next_dist_b0daae9a._.js:1014
[  552050ms] [LOG] [Fast Refresh] rebuilding @ http://localhost:3000/_next/static/chunks/node_modules_next_dist_client_cf1d9188._.js:5956
[  552342ms] [LOG] [Fast Refresh] done in 331ms @ http://localhost:3000/_next/static/chunks/node_modules_next_dist_client_cf1d9188._.js:5816
[  552825ms] [LOG] [] @ http://localhost:3000/_next/static/chunks/_fa3c57b5._.js:1044
[  552825ms] [LOG] [] @ http://localhost:3000/_next/static/chunks/_fa3c57b5._.js:1044
[  552894ms] [WARNING] Image with src "http://localhost:3000/assets/images/icons/support.svg" has either width or height modified, but not the other. If you use CSS to change the size of your image, also include the styles 'width: "auto"' or 'height: "auto"' to maintain the aspect ratio. @ http://localhost:3000/_next/static/chunks/node_modules_next_dist_b0daae9a._.js:1014
[  552894ms] [WARNING] Image with src "http://localhost:3000/assets/images/icons/chat.svg" has either width or height modified, but not the other. If you use CSS to change the size of your image, also include the styles 'width: "auto"' or 'height: "auto"' to maintain the aspect ratio. @ http://localhost:3000/_next/static/chunks/node_modules_next_dist_b0daae9a._.js:1014
[  562906ms] [LOG] [Fast Refresh] rebuilding @ http://localhost:3000/_next/static/chunks/node_modules_next_dist_client_cf1d9188._.js:5956
[  563283ms] [LOG] [Fast Refresh] done in 143ms @ http://localhost:3000/_next/static/chunks/node_modules_next_dist_client_cf1d9188._.js:5816
[  563646ms] [LOG] [] @ http://localhost:3000/_next/static/chunks/_fa3c57b5._.js:1044
[  563646ms] [LOG] [] @ http://localhost:3000/_next/static/chunks/_fa3c57b5._.js:1044
