[     166ms] [LOG] [Fast Refresh] rebuilding @ http://localhost:3000/_next/static/chunks/node_modules_next_dist_client_cf1d9188._.js:5956
[     370ms] [LOG] [Fast Refresh] done in 304ms @ http://localhost:3000/_next/static/chunks/node_modules_next_dist_client_cf1d9188._.js:5816
[     746ms] [INFO] %cDownload the React DevTools for a better development experience: https://react.dev/link/react-devtools font-weight:bold @ http://localhost:3000/_next/static/chunks/node_modules_next_dist_compiled_react-dom_1e674e59._.js:14537
[     839ms] [LOG] [] @ http://localhost:3000/_next/static/chunks/_fa3c57b5._.js:1044
[     840ms] [LOG] [] @ http://localhost:3000/_next/static/chunks/_fa3c57b5._.js:1044
[     925ms] [LOG] [] @ http://localhost:3000/_next/static/chunks/_fa3c57b5._.js:1044
[     926ms] [LOG] [] @ http://localhost:3000/_next/static/chunks/_fa3c57b5._.js:1044
[     936ms] [WARNING] Image with src "http://localhost:3000/assets/images/logo.svg" has either width or height modified, but not the other. If you use CSS to change the size of your image, also include the styles 'width: "auto"' or 'height: "auto"' to maintain the aspect ratio. @ http://localhost:3000/_next/static/chunks/node_modules_next_dist_b0daae9a._.js:1014
[     941ms] [WARNING] Image with src "/assets/images/logoKachabity.jpg" has either width or height modified, but not the other. If you use CSS to change the size of your image, also include the styles 'width: "auto"' or 'height: "auto"' to maintain the aspect ratio. @ http://localhost:3000/_next/static/chunks/node_modules_next_dist_b0daae9a._.js:1014
[    1024ms] [WARNING] Image with src "https://hwxgibxahqdxkzuvfxvz.supabase.co/storage/v1/object/public/products/wp/2025-12-image-20260908-112558-915-scaled.webp" has "fill" but is missing "sizes" prop. Please add it to improve page performance. Read more: https://nextjs.org/docs/api-reference/next/image#sizes @ http://localhost:3000/_next/static/chunks/node_modules_next_dist_b0daae9a._.js:1014
[    1034ms] [WARNING] Image with src "https://hwxgibxahqdxkzuvfxvz.supabase.co/storage/v1/object/public/products/wp/2026-02-whatsapp-image-2026-02-20-at-10-54-59.webp" has "fill" but is missing "sizes" prop. Please add it to improve page performance. Read more: https://nextjs.org/docs/api-reference/next/image#sizes @ http://localhost:3000/_next/static/chunks/node_modules_next_dist_b0daae9a._.js:1014
[    1045ms] [WARNING] Image with src "https://hwxgibxahqdxkzuvfxvz.supabase.co/storage/v1/object/public/products/wp/2026-01-whatsapp-image-2026-01-30-at-11-14-15.webp" has "fill" but is missing "sizes" prop. Please add it to improve page performance. Read more: https://nextjs.org/docs/api-reference/next/image#sizes @ http://localhost:3000/_next/static/chunks/node_modules_next_dist_b0daae9a._.js:1014
[    1046ms] [WARNING] Image with src "https://hwxgibxahqdxkzuvfxvz.supabase.co/storage/v1/object/public/products/wp/2026-01-whatsapp-image-2026-03-13-at-10-29-13.webp" has "fill" but is missing "sizes" prop. Please add it to improve page performance. Read more: https://nextjs.org/docs/api-reference/next/image#sizes @ http://localhost:3000/_next/static/chunks/node_modules_next_dist_b0daae9a._.js:1014
[    1060ms] [WARNING] Image with src "https://hwxgibxahqdxkzuvfxvz.supabase.co/storage/v1/object/public/products/wp/2026-03-grismr.webp" has "fill" but is missing "sizes" prop. Please add it to improve page performance. Read more: https://nextjs.org/docs/api-reference/next/image#sizes @ http://localhost:3000/_next/static/chunks/node_modules_next_dist_b0daae9a._.js:1014
[    4322ms] [LOG] [Fast Refresh] rebuilding @ http://localhost:3000/_next/static/chunks/node_modules_next_dist_client_cf1d9188._.js:5956
[    4370ms] [LOG] [Fast Refresh] done in 149ms @ http://localhost:3000/_next/static/chunks/node_modules_next_dist_client_cf1d9188._.js:5816
[    4520ms] [LOG] [Fast Refresh] rebuilding @ http://localhost:3000/_next/static/chunks/node_modules_next_dist_client_cf1d9188._.js:5956
[    4581ms] [VERBOSE] [DOM] Input elements should have autocomplete attributes (suggested: "current-password"): (More info: https://goo.gl/9p2vKq) %o @ http://localhost:3000/fr/auth?redirect=%2Ffr%2Fproducts%2Fkachabia-wazra-tibar-7018&reason=review:0
[    4583ms] [LOG] [Fast Refresh] done in 168ms @ http://localhost:3000/_next/static/chunks/node_modules_next_dist_client_cf1d9188._.js:5816
[    5354ms] [LOG] [Fast Refresh] rebuilding @ http://localhost:3000/_next/static/chunks/node_modules_next_dist_client_cf1d9188._.js:5956
[    5355ms] [LOG] [Fast Refresh] done in 101ms @ http://localhost:3000/_next/static/chunks/node_modules_next_dist_client_cf1d9188._.js:5816
[   21593ms] [ERROR] Failed to load resource: the server responded with a status of 400 () @ https://hwxgibxahqdxkzuvfxvz.supabase.co/auth/v1/token?grant_type=password:0
[   27920ms] [LOG] [Fast Refresh] rebuilding @ http://localhost:3000/_next/static/chunks/node_modules_next_dist_client_cf1d9188._.js:5956
[   27982ms] [LOG] [Fast Refresh] done in 162ms @ http://localhost:3000/_next/static/chunks/node_modules_next_dist_client_cf1d9188._.js:5816
